DEBUG - 2026-08-25 14:17:27 --> Session: Class initialized using 'CodeIgniter\Session\Handlers\FileHandler' driver.
DEBUG - 2026-08-25 14:17:27 --> Session: Class initialized using 'CodeIgniter\Session\Handlers\FileHandler' driver.
DEBUG - 2026-08-25 14:17:45 --> Session: Class initialized using 'CodeIgniter\Session\Handlers\FileHandler' driver.
DEBUG - 2026-08-25 14:17:52 --> Session: Class initialized using 'CodeIgniter\Session\Handlers\FileHandler' driver.
ERROR - 2026-08-25 14:18:13 --> Table 'db70155dbb0d2943cf.users' doesn't exist
in SYSTEMPATH/Database/MySQLi/Connection.php on line 300.
 1 SYSTEMPATH/Database/MySQLi/Connection.php(300): mysqli->query('SELECT 1
FROM `users`
WHERE `email` = \'calvins.simbolon@gmail.com\'
 LIMIT 1', 0)
 2 SYSTEMPATH/Database/BaseConnection.php(908): CodeIgniter\Database\MySQLi\Connection->execute('SELECT 1
FROM `users`
WHERE `email` = \'calvins.simbolon@gmail.com\'
 LIMIT 1')
 3 SYSTEMPATH/Database/BaseConnection.php(825): CodeIgniter\Database\BaseConnection->simpleQuery('SELECT 1
FROM `users`
WHERE `email` = \'calvins.simbolon@gmail.com\'
 LIMIT 1')
 4 SYSTEMPATH/Database/BaseBuilder.php(1659): CodeIgniter\Database\BaseConnection->query('SELECT 1
FROM `users`
WHERE `email` = :email:
 LIMIT 1', [...], false)
 5 SYSTEMPATH/Validation/Rules.php(175): CodeIgniter\Database\BaseBuilder->get()
 6 SYSTEMPATH/Validation/StrictRules/Rules.php(187): CodeIgniter\Validation\Rules->is_unique('calvins.simbolon@gmail.com', 'users.email', [...])
 7 SYSTEMPATH/Validation/Validation.php(345): CodeIgniter\Validation\StrictRules\Rules->is_unique('calvins.simbolon@gmail.com', 'users.email', [...], null, 'email')
 8 SYSTEMPATH/Validation/Validation.php(210): CodeIgniter\Validation\Validation->processRules('email', 'email', 'calvins.simbolon@gmail.com', [...], [...], 'email')
 9 SYSTEMPATH/Controller.php(136): CodeIgniter\Validation\Validation->run()
10 APPPATH/Controllers/Auth.php(127): CodeIgniter\Controller->validate([...], [...])
11 SYSTEMPATH/CodeIgniter.php(974): App\Controllers\Auth->doRegister()
12 SYSTEMPATH/CodeIgniter.php(520): CodeIgniter\CodeIgniter->runController(Object(App\Controllers\Auth))
13 SYSTEMPATH/CodeIgniter.php(363): CodeIgniter\CodeIgniter->handleRequest(null, Object(Config\Cache), false)
14 SYSTEMPATH/Boot.php(417): CodeIgniter\CodeIgniter->run()
15 SYSTEMPATH/Boot.php(68): CodeIgniter\Boot::runCodeIgniter(Object(CodeIgniter\CodeIgniter))
16 FCPATH/index.php(59): CodeIgniter\Boot::bootWeb(Object(Config\Paths))
17 SYSTEMPATH/rewrite.php(44): require_once('/home/aplicalvin/Documents/2026/project/mvp-todo/public/index.php')
CRITICAL - 2026-08-25 14:18:13 --> CodeIgniter\Database\Exceptions\DatabaseException: Table 'db70155dbb0d2943cf.users' doesn't exist
[Method: POST, Route: register]
in SYSTEMPATH/Database/BaseConnection.php on line 863.
 1 SYSTEMPATH/Database/BaseBuilder.php(1659): CodeIgniter\Database\BaseConnection->query('SELECT 1
FROM `users`
WHERE `email` = :email:
 LIMIT 1', [...], false)
 2 SYSTEMPATH/Validation/Rules.php(175): CodeIgniter\Database\BaseBuilder->get()
 3 SYSTEMPATH/Validation/StrictRules/Rules.php(187): CodeIgniter\Validation\Rules->is_unique('calvins.simbolon@gmail.com', 'users.email', [...])
 4 SYSTEMPATH/Validation/Validation.php(345): CodeIgniter\Validation\StrictRules\Rules->is_unique('calvins.simbolon@gmail.com', 'users.email', [...], null, 'email')
 5 SYSTEMPATH/Validation/Validation.php(210): CodeIgniter\Validation\Validation->processRules('email', 'email', 'calvins.simbolon@gmail.com', [...], [...], 'email')
 6 SYSTEMPATH/Controller.php(136): CodeIgniter\Validation\Validation->run()
 7 APPPATH/Controllers/Auth.php(127): CodeIgniter\Controller->validate([...], [...])
 8 SYSTEMPATH/CodeIgniter.php(974): App\Controllers\Auth->doRegister()
 9 SYSTEMPATH/CodeIgniter.php(520): CodeIgniter\CodeIgniter->runController(Object(App\Controllers\Auth))
10 SYSTEMPATH/CodeIgniter.php(363): CodeIgniter\CodeIgniter->handleRequest(null, Object(Config\Cache), false)
11 SYSTEMPATH/Boot.php(417): CodeIgniter\CodeIgniter->run()
12 SYSTEMPATH/Boot.php(68): CodeIgniter\Boot::runCodeIgniter(Object(CodeIgniter\CodeIgniter))
13 FCPATH/index.php(59): CodeIgniter\Boot::bootWeb(Object(Config\Paths))
14 SYSTEMPATH/rewrite.php(44): require_once('/home/aplicalvin/Documents/2026/project/mvp-todo/public/index.php')
CRITICAL - 2026-08-25 14:18:13 --> [Caused by] CodeIgniter\Database\Exceptions\DatabaseException: Table 'db70155dbb0d2943cf.users' doesn't exist
in SYSTEMPATH/Database/MySQLi/Connection.php on line 310.
 1 SYSTEMPATH/Database/BaseConnection.php(908): CodeIgniter\Database\MySQLi\Connection->execute('SELECT 1
FROM `users`
WHERE `email` = \'calvins.simbolon@gmail.com\'
 LIMIT 1')
 2 SYSTEMPATH/Database/BaseConnection.php(825): CodeIgniter\Database\BaseConnection->simpleQuery('SELECT 1
FROM `users`
WHERE `email` = \'calvins.simbolon@gmail.com\'
 LIMIT 1')
 3 SYSTEMPATH/Database/BaseBuilder.php(1659): CodeIgniter\Database\BaseConnection->query('SELECT 1
FROM `users`
WHERE `email` = :email:
 LIMIT 1', [...], false)
 4 SYSTEMPATH/Validation/Rules.php(175): CodeIgniter\Database\BaseBuilder->get()
 5 SYSTEMPATH/Validation/StrictRules/Rules.php(187): CodeIgniter\Validation\Rules->is_unique('calvins.simbolon@gmail.com', 'users.email', [...])
 6 SYSTEMPATH/Validation/Validation.php(345): CodeIgniter\Validation\StrictRules\Rules->is_unique('calvins.simbolon@gmail.com', 'users.email', [...], null, 'email')
 7 SYSTEMPATH/Validation/Validation.php(210): CodeIgniter\Validation\Validation->processRules('email', 'email', 'calvins.simbolon@gmail.com', [...], [...], 'email')
 8 SYSTEMPATH/Controller.php(136): CodeIgniter\Validation\Validation->run()
 9 APPPATH/Controllers/Auth.php(127): CodeIgniter\Controller->validate([...], [...])
10 SYSTEMPATH/CodeIgniter.php(974): App\Controllers\Auth->doRegister()
11 SYSTEMPATH/CodeIgniter.php(520): CodeIgniter\CodeIgniter->runController(Object(App\Controllers\Auth))
12 SYSTEMPATH/CodeIgniter.php(363): CodeIgniter\CodeIgniter->handleRequest(null, Object(Config\Cache), false)
13 SYSTEMPATH/Boot.php(417): CodeIgniter\CodeIgniter->run()
14 SYSTEMPATH/Boot.php(68): CodeIgniter\Boot::runCodeIgniter(Object(CodeIgniter\CodeIgniter))
15 FCPATH/index.php(59): CodeIgniter\Boot::bootWeb(Object(Config\Paths))
16 SYSTEMPATH/rewrite.php(44): require_once('/home/aplicalvin/Documents/2026/project/mvp-todo/public/index.php')
CRITICAL - 2026-08-25 14:18:13 --> [Caused by] mysqli_sql_exception: Table 'db70155dbb0d2943cf.users' doesn't exist
in SYSTEMPATH/Database/MySQLi/Connection.php on line 300.
 1 SYSTEMPATH/Database/MySQLi/Connection.php(300): mysqli->query('SELECT 1
FROM `users`
WHERE `email` = \'calvins.simbolon@gmail.com\'
 LIMIT 1', 0)
 2 SYSTEMPATH/Database/BaseConnection.php(908): CodeIgniter\Database\MySQLi\Connection->execute('SELECT 1
FROM `users`
WHERE `email` = \'calvins.simbolon@gmail.com\'
 LIMIT 1')
 3 SYSTEMPATH/Database/BaseConnection.php(825): CodeIgniter\Database\BaseConnection->simpleQuery('SELECT 1
FROM `users`
WHERE `email` = \'calvins.simbolon@gmail.com\'
 LIMIT 1')
 4 SYSTEMPATH/Database/BaseBuilder.php(1659): CodeIgniter\Database\BaseConnection->query('SELECT 1
FROM `users`
WHERE `email` = :email:
 LIMIT 1', [...], false)
 5 SYSTEMPATH/Validation/Rules.php(175): CodeIgniter\Database\BaseBuilder->get()
 6 SYSTEMPATH/Validation/StrictRules/Rules.php(187): CodeIgniter\Validation\Rules->is_unique('calvins.simbolon@gmail.com', 'users.email', [...])
 7 SYSTEMPATH/Validation/Validation.php(345): CodeIgniter\Validation\StrictRules\Rules->is_unique('calvins.simbolon@gmail.com', 'users.email', [...], null, 'email')
 8 SYSTEMPATH/Validation/Validation.php(210): CodeIgniter\Validation\Validation->processRules('email', 'email', 'calvins.simbolon@gmail.com', [...], [...], 'email')
 9 SYSTEMPATH/Controller.php(136): CodeIgniter\Validation\Validation->run()
10 APPPATH/Controllers/Auth.php(127): CodeIgniter\Controller->validate([...], [...])
11 SYSTEMPATH/CodeIgniter.php(974): App\Controllers\Auth->doRegister()
12 SYSTEMPATH/CodeIgniter.php(520): CodeIgniter\CodeIgniter->runController(Object(App\Controllers\Auth))
13 SYSTEMPATH/CodeIgniter.php(363): CodeIgniter\CodeIgniter->handleRequest(null, Object(Config\Cache), false)
14 SYSTEMPATH/Boot.php(417): CodeIgniter\CodeIgniter->run()
15 SYSTEMPATH/Boot.php(68): CodeIgniter\Boot::runCodeIgniter(Object(CodeIgniter\CodeIgniter))
16 FCPATH/index.php(59): CodeIgniter\Boot::bootWeb(Object(Config\Paths))
17 SYSTEMPATH/rewrite.php(44): require_once('/home/aplicalvin/Documents/2026/project/mvp-todo/public/index.php')
DEBUG - 2026-08-25 14:19:31 --> Session: Class initialized using 'CodeIgniter\Session\Handlers\FileHandler' driver.
DEBUG - 2026-08-25 14:19:31 --> Session: Class initialized using 'CodeIgniter\Session\Handlers\FileHandler' driver.
DEBUG - 2026-08-25 14:19:40 --> Session: Class initialized using 'CodeIgniter\Session\Handlers\FileHandler' driver.
DEBUG - 2026-08-25 14:19:40 --> Session: Class initialized using 'CodeIgniter\Session\Handlers\FileHandler' driver.
DEBUG - 2026-08-25 14:45:33 --> Session: Class initialized using 'CodeIgniter\Session\Handlers\FileHandler' driver.
DEBUG - 2026-08-25 14:45:45 --> Session: Class initialized using 'CodeIgniter\Session\Handlers\FileHandler' driver.
DEBUG - 2026-08-25 14:45:48 --> Session: Class initialized using 'CodeIgniter\Session\Handlers\FileHandler' driver.
DEBUG - 2026-08-25 14:45:52 --> Session: Class initialized using 'CodeIgniter\Session\Handlers\FileHandler' driver.
DEBUG - 2026-08-25 14:45:53 --> Session: Class initialized using 'CodeIgniter\Session\Handlers\FileHandler' driver.
DEBUG - 2026-08-25 14:45:56 --> Session: Class initialized using 'CodeIgniter\Session\Handlers\FileHandler' driver.
DEBUG - 2026-08-25 14:58:41 --> Session: Class initialized using 'CodeIgniter\Session\Handlers\FileHandler' driver.
DEBUG - 2026-08-25 14:58:42 --> Session: Class initialized using 'CodeIgniter\Session\Handlers\FileHandler' driver.
DEBUG - 2026-08-25 14:58:54 --> Session: Class initialized using 'CodeIgniter\Session\Handlers\FileHandler' driver.
